// Vitest Snapshot v1, https://vitest.dev/guide/snapshot.html

exports[`returns correct object of packages 1`] = `
{
  "error": {
    "code": "ERR_PNPM_MISSING_PACKAGE_INDEX_FILE",
    "message": "Failed to find package index file for /@actions/core/1.10.1, please consider running 'pnpm install'",
  },
}
`;
